[GENERATE][1/5] Generating raw logs...
[command] G:\Anaconda\anaconda\python.exe src/simulation/synthetic_full_generator.py --config F:\7x\SPARTA\run\20260609_004_synthetic_full\config\resolved_config.yaml
synthetic full attempt 1/20: episodes=101, seed=42, severity_scale=1.000; validation=train normal ratio 0.258 outside [0.350, 0.550]
synthetic full attempt 2/20: episodes=85, seed=43, severity_scale=0.965; validation=train normal ratio 0.282 outside [0.350, 0.550]
synthetic full attempt 3/20: episodes=82, seed=44, severity_scale=0.930; validation=val normal ratio 0.321 outside [0.350, 0.550]
synthetic full attempt 4/20: episodes=81, seed=45, severity_scale=0.895; validation=val top scenario normal ratio 0.423 > 0.400
synthetic full attempt 5/20: episodes=87, seed=46, severity_scale=0.860; validation=val normal ratio 0.268 outside [0.350, 0.550]
synthetic full attempt 6/20: episodes=72, seed=47, severity_scale=0.825; validation=val risky ratio 0.226 outside [0.250, 0.450]
synthetic full attempt 7/20: episodes=75, seed=48, severity_scale=0.790; validation=val top scenario normal ratio 0.435 > 0.400
synthetic full attempt 8/20: episodes=65, seed=49, severity_scale=0.755; validation=val normal ratio 0.577 outside [0.350, 0.550]
synthetic full attempt 9/20: episodes=74, seed=50, severity_scale=0.720; validation=val top risk_node 1 ratio 0.566 > 0.500
synthetic full attempt 10/20: episodes=81, seed=51, severity_scale=0.685; validation=val normal ratio 0.601 outside [0.350, 0.550]
synthetic full attempt 11/20: episodes=84, seed=52, severity_scale=0.650; validation=ok
Wrote 960 rows to F:\7x\SPARTA\run\20260609_004_synthetic_full\raw_logs\node_log.csv
Wrote 1440 rows to F:\7x\SPARTA\run\20260609_004_synthetic_full\raw_logs\link_log.csv
Wrote 960 rows to F:\7x\SPARTA\run\20260609_004_synthetic_full\raw_logs\service_log.csv
Wrote 960 rows to F:\7x\SPARTA\run\20260609_004_synthetic_full\raw_logs\path_log.csv
Wrote 8 rows to F:\7x\SPARTA\run\20260609_004_synthetic_full\raw_logs\sla_log.csv
[GENERATE][2/5] Building path graph...
[command] G:\Anaconda\anaconda\python.exe src/preprocessing/build_path_graph.py --config F:\7x\SPARTA\run\20260609_004_synthetic_full\config\resolved_config.yaml
Wrote 832 path graph samples to F:\7x\SPARTA\run\20260609_004_synthetic_full\processed\path_graphs.pkl
[GENERATE][3/5] Generating labels and attribution...
[command] G:\Anaconda\anaconda\python.exe src/preprocessing/generate_labels.py --config F:\7x\SPARTA\run\20260609_004_synthetic_full\config\resolved_config.yaml
Wrote 832 labeled samples to F:\7x\SPARTA\run\20260609_004_synthetic_full\processed\samples_labeled.pkl; class counts={0: 413, 1: 282, 2: 137}
[GENERATE][4/5] Splitting dataset...
[command] G:\Anaconda\anaconda\python.exe src/preprocessing/split_dataset.py --config F:\7x\SPARTA\run\20260609_004_synthetic_full\config\resolved_config.yaml
Wrote train/val/test pkl to F:\7x\SPARTA\run\20260609_004_synthetic_full\dataset; metadata={'train': {'num_samples': 496, 'class_counts': {'normal': 242, 'risky': 182, 'violated': 72}}, 'val': {'num_samples': 168, 'class_counts': {'normal': 88, 'risky': 42, 'violated': 38}}, 'test': {'num_samples': 168, 'class_counts': {'normal': 83, 'risky': 58, 'violated': 27}}, 'all': {'num_samples': 832, 'class_counts': {'normal': 413, 'risky': 282, 'violated': 137}}}
[AUDIT] Running synthetic full audit...
[command] G:\Anaconda\anaconda\python.exe src/analysis/audit_synthetic_full.py --dataset_dir F:\7x\SPARTA\run\20260609_004_synthetic_full\dataset --raw_dir F:\7x\SPARTA\run\20260609_004_synthetic_full\raw_logs --output_dir F:\7x\SPARTA\run\20260609_004_synthetic_full\audit
Wrote enhanced synthetic full audit outputs to F:\7x\SPARTA\run\20260609_004_synthetic_full\audit
[TRAIN] Training lstm...
[command] G:\Anaconda\anaconda\python.exe src/train.py --config F:\7x\SPARTA\run\20260609_004_synthetic_full\config\resolved_config.yaml --model lstm
lstm epoch 1: train_loss=1.0362 val_macro_f1=0.4687
Training complete for lstm
[TRAIN] Training transformer...
[command] G:\Anaconda\anaconda\python.exe src/train.py --config F:\7x\SPARTA\run\20260609_004_synthetic_full\config\resolved_config.yaml --model transformer
transformer epoch 1: train_loss=0.9280 val_macro_f1=0.4675
Training complete for transformer
[TRAIN] Training sparta...
[command] G:\Anaconda\anaconda\python.exe src/train.py --config F:\7x\SPARTA\run\20260609_004_synthetic_full\config\resolved_config.yaml --model sparta
sparta epoch 1: train_loss=2.5399 val_macro_f1=0.4687
Training complete for sparta
